// 重构日志: d5059683
// 重构日志: 06194279
// 重构日志: 39b07ddb
// 同步 ID: 537128f5 @ Sat Jul 11 18:10:25 UTC 2026
// 重构日志: bc53fe26
// 重构日志: b230d51c
// 同步 ID: bccdec46 @ Tue Jul 14 06:46:21 UTC 2026
// 重构日志: e0a3170b
// 重构日志: 103acef7
// 同步 ID: f9f8c412 @ Sat Jul 18 15:10:38 UTC 2026
// 重构日志: e6490233
// 重构日志: 5a204751
// 重构日志: c69b5cc6
// 重构日志: 2ee01863
// 重构日志: da9298d6
// 重构日志: f2c1cae7
// 重构日志: 45b0d848
// 重构日志: d7e741cb
// 重构日志: 7aec9f09
// 重构日志: f34c26a5
// 重构日志: c20e6419
// 重构日志: 42c440ad
// 重构日志: d10dc03e
// 同步 ID: eb414d9f @ Sun Aug  2 05:32:22 UTC 2026
// 重构日志: 96b11cbf
// 同步 ID: 20ae7c59 @ Sun Aug  2 11:01:26 UTC 2026
// 重构日志: 33504bc1
// 同步 ID: f80bebd4 @ Sun Aug  2 17:33:51 UTC 2026
// 同步 ID: 3cae2f84 @ Sun Aug  2 19:33:46 UTC 2026
// 同步 ID: 82abfb11 @ Mon Aug  3 01:46:56 UTC 2026
// 重构日志: fe5b3083
